// ==UserScript==
// @name     Hello world
// @grant    GM_log
// @match    *://*/*
// @version  1.0.0
// @run-at   document-end
// ==/UserScript==

;(() => {
  GM_log("Hello, world!")
})()
