// ==UserScript==
// @name     CSS test
// @grant    GM_addStyle
// @match    *:/*
// @version  1.0.0
// ==/UserScript==
